../Core/Src/mcp2515.c:15:6:MCP2515_init	24	static
../Core/Src/mcp2515.c:26:11:MCP2515_reset	56	static
../Core/Src/mcp2515.c:74:11:set_bitrate_125kbps	24	static
../Core/Src/mcp2515.c:100:11:setMode	32	static
../Core/Src/mcp2515.c:121:11:readMessageInternal	40	static
../Core/Src/mcp2515.c:157:11:readMessage	24	static
../Core/Src/mcp2515.c:174:11:setConfigMode	16	static
../Core/Src/mcp2515.c:179:11:setListenOnlyMode	16	static
../Core/Src/mcp2515.c:184:11:setSleepMode	16	static
../Core/Src/mcp2515.c:189:11:setLoopbackMode	16	static
../Core/Src/mcp2515.c:194:11:setNormalMode	16	static
../Core/Src/mcp2515.c:199:9:getStatus	24	static
../Core/Src/mcp2515.c:214:11:setFilter	32	static
../Core/Src/mcp2515.c:241:11:setFilterMask	32	static
../Core/Src/mcp2515.c:264:6:prepareId	32	static
../Core/Src/mcp2515.c:283:6:startSPI	8	static
../Core/Src/mcp2515.c:288:6:endSPI	8	static
../Core/Src/mcp2515.c:292:9:readRegister	24	static
../Core/Src/mcp2515.c:303:6:readRegisters	32	static
../Core/Src/mcp2515.c:314:6:setRegister	24	static
../Core/Src/mcp2515.c:323:6:setRegisters	32	static
../Core/Src/mcp2515.c:334:6:modifyRegister	24	static
